layer at (0,0) size 800x600
  RenderView at (0,0) size 800x600
layer at (0,0) size 800x122
  RenderBlock {HTML} at (0,0) size 800x122
    RenderBody {BODY} at (8,16) size 784x98
      RenderBlock {P} at (0,0) size 784x36
        RenderText {#text} at (0,0) size 764x36
          text run at (0,0) width 764: "This tests that the Strong Confirmation Password AutoFill button renders in an auto-filled input. It can only be tested in"
          text run at (0,18) width 79: "the test tool."
      RenderBlock {DIV} at (0,52) size 784x46
        RenderTextControl {INPUT} at (2,2) size 158x19 [bgcolor=#FAFFBD] [border: (2px inset #000000)]
          RenderFlexibleBox {DIV} at (3,3) size 152x13
            RenderBlock {DIV} at (0,0) size 152x13
            RenderBlock {DIV} at (152,6) size 0x0
        RenderText {#text} at (162,1) size 4x18
          text run at (162,1) width 4: " "
        RenderTextControl {INPUT} at (168,2) size 158x19 [bgcolor=#FAFFBD] [border: (2px inset #000000)]
          RenderFlexibleBox {DIV} at (3,3) size 152x13
            RenderBlock {DIV} at (0,0) size 152x13
            RenderBlock {DIV} at (152,6) size 0x0
        RenderText {#text} at (328,1) size 4x18
          text run at (328,1) width 4: " "
        RenderTextControl {INPUT} at (332,2) size 306x19 [bgcolor=#FAFFBD] [border: (2px inset #000000)]
          RenderFlexibleBox {DIV} at (3,3) size 300x13
            RenderBlock {DIV} at (0,0) size 300x13
            RenderBlock {DIV} at (300,6) size 0x0
        RenderText {#text} at (638,1) size 4x18
          text run at (638,1) width 4: " "
        RenderTextControl {INPUT} at (2,25) size 158x19 [bgcolor=#FAFFBD] [border: (2px inset #000000)]
          RenderFlexibleBox {DIV} at (3,3) size 152x13
            RenderBlock {DIV} at (0,0) size 152x13
            RenderBlock {DIV} at (152,6) size 0x0
layer at (13,73) size 152x13 scrollWidth 284
  RenderBlock {DIV} at (0,0) size 152x13 [color=#00000099]
    RenderText {#text} at (0,0) size 284x13
      text run at (0,0) width 284: "A quick brown fox jumped over the lazy dog."
layer at (179,73) size 152x13 scrollWidth 284
  RenderBlock {DIV} at (0,0) size 152x13 [color=#00000099]
    RenderText {#text} at (0,0) size 284x13
      text run at (0,0) width 284: "A quick brown fox jumped over the lazy dog."
layer at (343,73) size 300x13
  RenderBlock {DIV} at (0,0) size 300x13 [color=#00000099]
    RenderText {#text} at (0,0) size 284x13
      text run at (0,0) width 284: "A quick brown fox jumped over the lazy dog."
layer at (13,96) size 152x13
  RenderBlock {DIV} at (0,0) size 152x13 [color=#00000099]
