layer at (0,0) size 800x600
  RenderView at (0,0) size 800x600
layer at (0,0) size 800x104
  RenderBlock {HTML} at (0,0) size 800x104
    RenderBody {BODY} at (8,16) size 784x80
      RenderBlock {P} at (0,0) size 784x18
        RenderText {#text} at (0,0) size 757x18
          text run at (0,0) width 757: "This tests that the Strong Password AutoFill button renders in an auto-filled input. It can only be tested in the test tool."
      RenderBlock {DIV} at (0,34) size 784x46
        RenderTextControl {INPUT} at (2,2) size 158x19 [bgcolor=#FAFFBD] [border: (2px inset #000000)]
          RenderFlexibleBox {DIV} at (3,3) size 152x13
            RenderBlock {DIV} at (0,0) size 59x13
            RenderBlock {DIV} at (58,0) size 94x13
              RenderText {#text} at (6,0) size 88x13
                text run at (6,0) width 88: "strong password"
        RenderText {#text} at (162,2) size 4x18
          text run at (162,2) width 4: " "
        RenderTextControl {INPUT} at (168,2) size 158x19 [bgcolor=#FAFFBD] [border: (2px inset #000000)]
          RenderFlexibleBox {DIV} at (3,3) size 152x13
            RenderBlock {DIV} at (0,0) size 59x13
            RenderBlock {DIV} at (58,0) size 94x13
              RenderText {#text} at (6,0) size 88x13
                text run at (6,0) width 88: "strong password"
        RenderText {#text} at (328,2) size 4x18
          text run at (328,2) width 4: " "
        RenderTextControl {INPUT} at (332,2) size 306x19 [bgcolor=#FAFFBD] [border: (2px inset #000000)]
          RenderFlexibleBox {DIV} at (3,3) size 300x13
            RenderBlock {DIV} at (0,0) size 207x13
            RenderBlock {DIV} at (206,0) size 94x13
              RenderText {#text} at (6,0) size 88x13
                text run at (6,0) width 88: "strong password"
        RenderText {#text} at (638,2) size 4x18
          text run at (638,2) width 4: " "
        RenderTextControl {INPUT} at (2,25) size 158x19 [bgcolor=#FAFFBD] [border: (2px inset #000000)]
          RenderFlexibleBox {DIV} at (3,3) size 152x13
            RenderBlock {DIV} at (0,0) size 59x13
            RenderBlock {DIV} at (58,0) size 94x13
              RenderText {#text} at (6,0) size 88x13
                text run at (6,0) width 88: "strong password"
layer at (13,55) size 59x13 scrollWidth 284
  RenderBlock {DIV} at (0,0) size 59x13 [color=#00000099]
    RenderText {#text} at (0,0) size 284x13
      text run at (0,0) width 284: "A quick brown fox jumped over the lazy dog."
layer at (179,55) size 59x13 scrollWidth 284
  RenderBlock {DIV} at (0,0) size 59x13 [color=#00000099]
    RenderText {#text} at (0,0) size 284x13
      text run at (0,0) width 284: "A quick brown fox jumped over the lazy dog."
layer at (343,55) size 207x13 scrollWidth 284
  RenderBlock {DIV} at (0,0) size 207x13 [color=#00000099]
    RenderText {#text} at (0,0) size 284x13
      text run at (0,0) width 284: "A quick brown fox jumped over the lazy dog."
layer at (13,78) size 59x13
  RenderBlock {DIV} at (0,0) size 59x13 [color=#00000099]
