layer at (0,0) size 800x600
  RenderView at (0,0) size 800x600
layer at (0,0) size 800x336
  RenderBlock {HTML} at (0,0) size 800x336
    RenderBody {BODY} at (8,8) size 784x312
      RenderBlock {DIV} at (0,0) size 784x312
        RenderBlock {DIV} at (0,0) size 784x36
          RenderButton {INPUT} at (2,2) size 211x32 [bgcolor=#FFFFFF] [border: (2px inset #000000)]
            RenderBlock (anonymous) at (3,3) size 205x26
              RenderBlock {DIV} at (0,0) size 205x26
                RenderBlock {DIV} at (0,0) size 205x0
                  RenderBlock {DIV} at (0,0) size 205x0
                RenderBlock {DIV} at (0,0) size 205x26
                  RenderBlock (anonymous) at (0,0) size 205x13
                    RenderInline {SPAN} at (0,0) size 185x13
                      RenderText {#text} at (0,0) size 185x13
                        text run at (0,0) width 185: "alternative presentation button title"
                  RenderBlock {DIV} at (0,13) size 205x13
                    RenderText {#text} at (0,0) size 205x13
                      text run at (0,0) width 205: "alternative presentation button subtitle"
          RenderText {#text} at (0,0) size 0x0
        RenderBlock {DIV} at (0,36) size 784x36
          RenderBlock (anonymous) at (0,0) size 784x0
            RenderInline {LABEL} at (0,0) size 0x0
          RenderBlock (anonymous) at (0,0) size 784x36
            RenderBlock {DIV} at (0,0) size 784x36
              RenderBlock {DIV} at (0,0) size 784x0
                RenderBlock {DIV} at (0,0) size 784x0
              RenderBlock {DIV} at (0,0) size 784x36
                RenderBlock (anonymous) at (0,0) size 784x18
                  RenderInline {SPAN} at (0,0) size 224x18
                    RenderText {#text} at (0,0) size 224x18
                      text run at (0,0) width 224: "alternative presentation button title"
                RenderBlock {DIV} at (0,18) size 784x18
                  RenderText {#text} at (0,0) size 246x18
                    text run at (0,0) width 246: "alternative presentation button subtitle"
          RenderBlock (anonymous) at (0,36) size 784x0
            RenderInline {LABEL} at (0,0) size 0x0
            RenderText {#text} at (0,0) size 0x0
            RenderText {#text} at (0,0) size 0x0
            RenderText {#text} at (0,0) size 0x0
            RenderText {#text} at (0,0) size 0x0
        RenderBlock {DIV} at (0,88) size 784x36
          RenderBlock {P} at (0,0) size 784x36
            RenderBlock {DIV} at (0,0) size 784x36
              RenderBlock {DIV} at (0,0) size 784x0
                RenderBlock {DIV} at (0,0) size 784x0
              RenderBlock {DIV} at (0,0) size 784x36
                RenderBlock (anonymous) at (0,0) size 784x18
                  RenderInline {SPAN} at (0,0) size 224x18
                    RenderText {#text} at (0,0) size 224x18
                      text run at (0,0) width 224: "alternative presentation button title"
                RenderBlock {DIV} at (0,18) size 784x18
                  RenderText {#text} at (0,0) size 246x18
                    text run at (0,0) width 246: "alternative presentation button subtitle"
        RenderBlock {DIV} at (0,140) size 784x36
          RenderBlock (anonymous) at (0,0) size 784x0
            RenderInline {LABEL} at (0,0) size 0x0
          RenderBlock (anonymous) at (0,0) size 784x36
            RenderBlock {DIV} at (0,0) size 784x36
              RenderBlock {DIV} at (0,0) size 784x0
                RenderBlock {DIV} at (0,0) size 784x0
              RenderBlock {DIV} at (0,0) size 784x36
                RenderBlock (anonymous) at (0,0) size 784x18
                  RenderInline {SPAN} at (0,0) size 224x18
                    RenderText {#text} at (0,0) size 224x18
                      text run at (0,0) width 224: "alternative presentation button title"
                RenderBlock {DIV} at (0,18) size 784x18
                  RenderText {#text} at (0,0) size 246x18
                    text run at (0,0) width 246: "alternative presentation button subtitle"
          RenderBlock (anonymous) at (0,36) size 784x0
            RenderInline {LABEL} at (0,0) size 0x0
            RenderText {#text} at (0,0) size 0x0
            RenderText {#text} at (0,0) size 0x0
        RenderBlock {DIV} at (0,176) size 784x42
          RenderTable {TABLE} at (0,0) size 252x42
            RenderTableSection {TBODY} at (0,0) size 252x42
              RenderTableRow {TR} at (0,2) size 252x38
                RenderTableCell {TD} at (2,2) size 248x38 [r=0 c=0 rs=1 cs=1]
                  RenderBlock {DIV} at (1,1) size 246x36
                    RenderBlock {DIV} at (0,0) size 246x0
                      RenderBlock {DIV} at (0,0) size 246x0
                    RenderBlock {DIV} at (0,0) size 246x36
                      RenderBlock (anonymous) at (0,0) size 246x18
                        RenderInline {SPAN} at (0,0) size 224x18
                          RenderText {#text} at (0,0) size 224x18
                            text run at (0,0) width 224: "alternative presentation button title"
                      RenderBlock {DIV} at (0,18) size 246x18
                        RenderText {#text} at (0,0) size 246x18
                          text run at (0,0) width 246: "alternative presentation button subtitle"
        RenderBlock {DIV} at (0,218) size 784x42
          RenderTable {TABLE} at (0,0) size 252x42
            RenderTableSection {TBODY} at (0,0) size 252x42
              RenderTableRow {TR} at (0,2) size 252x38
                RenderTableCell {TD} at (2,2) size 248x38 [r=0 c=0 rs=1 cs=1]
                  RenderBlock {DIV} at (1,1) size 246x36
                    RenderBlock {DIV} at (0,0) size 246x0
                      RenderBlock {DIV} at (0,0) size 246x0
                    RenderBlock {DIV} at (0,0) size 246x36
                      RenderBlock (anonymous) at (0,0) size 246x18
                        RenderInline {SPAN} at (0,0) size 224x18
                          RenderText {#text} at (0,0) size 224x18
                            text run at (0,0) width 224: "alternative presentation button title"
                      RenderBlock {DIV} at (0,18) size 246x18
                        RenderText {#text} at (0,0) size 246x18
                          text run at (0,0) width 246: "alternative presentation button subtitle"
        RenderBlock {P} at (0,276) size 784x36
          RenderBlock {DIV} at (0,0) size 784x36
            RenderBlock {DIV} at (0,0) size 784x0
              RenderBlock {DIV} at (0,0) size 784x0
            RenderBlock {DIV} at (0,0) size 784x36
              RenderBlock (anonymous) at (0,0) size 784x18
                RenderInline {SPAN} at (0,0) size 224x18
                  RenderText {#text} at (0,0) size 224x18
                    text run at (0,0) width 224: "alternative presentation button title"
              RenderBlock {DIV} at (0,18) size 784x18
                RenderText {#text} at (0,0) size 246x18
                  text run at (0,0) width 246: "alternative presentation button subtitle"
