layer at (0,0) size 800x600
  RenderView at (0,0) size 800x600
layer at (0,0) size 800x106
  RenderBlock {HTML} at (0,0) size 800x106
    RenderBody {BODY} at (8,16) size 784x82
      RenderBlock {P} at (0,0) size 784x20
        RenderText {#text} at (0,0) size 758x19
          text run at (0,0) width 758: "This tests that the Strong Password AutoFill button renders in an auto-filled input. It can only be tested in the test tool."
      RenderBlock {DIV} at (0,36) size 784x46
        RenderTextControl {INPUT} at (2,2) size 153x20 [bgcolor=#F7EC87] [border: (1px solid #4C4C4C)]
          RenderFlexibleBox {DIV} at (6,2) size 141x15
            RenderBlock {DIV} at (0,1) size 47x12
            RenderBlock {DIV} at (46,0) size 94x14
              RenderText {#text} at (6,0) size 88x14
                text run at (6,0) width 88: "strong password"
        RenderText {#text} at (157,0) size 4x19
          text run at (157,0) width 4: " "
        RenderTextControl {INPUT} at (163,2) size 153x20 [bgcolor=#F7EC87] [border: (1px solid #4C4C4C)]
          RenderFlexibleBox {DIV} at (6,2) size 141x15
            RenderBlock {DIV} at (0,1) size 47x12
            RenderBlock {DIV} at (46,0) size 94x14
              RenderText {#text} at (6,0) size 88x14
                text run at (6,0) width 88: "strong password"
        RenderText {#text} at (318,0) size 4x19
          text run at (318,0) width 4: " "
        RenderTextControl {INPUT} at (322,2) size 313x20 [bgcolor=#F7EC87] [border: (1px solid #4C4C4C)]
          RenderFlexibleBox {DIV} at (6,2) size 301x15
            RenderBlock {DIV} at (0,1) size 207x12
            RenderBlock {DIV} at (206,0) size 94x14
              RenderText {#text} at (6,0) size 88x14
                text run at (6,0) width 88: "strong password"
        RenderText {#text} at (635,0) size 4x19
          text run at (635,0) width 4: " "
        RenderTextControl {INPUT} at (2,25) size 153x20 [bgcolor=#F7EC87] [border: (1px solid #4C4C4C)]
          RenderFlexibleBox {DIV} at (6,2) size 141x15
            RenderBlock {DIV} at (0,1) size 47x12
            RenderBlock {DIV} at (46,0) size 94x14
              RenderText {#text} at (6,0) size 88x14
                text run at (6,0) width 88: "strong password"
layer at (17,57) size 47x12 backgroundClip at (17,57) size 46x12 clip at (17,57) size 46x12 scrollWidth 284
  RenderBlock {DIV} at (0,0) size 47x12 [color=#00000099]
    RenderText {#text} at (0,0) size 284x12
      text run at (0,0) width 284: "A quick brown fox jumped over the lazy dog."
layer at (178,57) size 47x12 backgroundClip at (178,57) size 46x12 clip at (178,57) size 46x12 scrollWidth 284
  RenderBlock {DIV} at (0,0) size 47x12 [color=#00000099]
    RenderText {#text} at (0,0) size 284x12
      text run at (0,0) width 284: "A quick brown fox jumped over the lazy dog."
layer at (337,57) size 207x12 backgroundClip at (337,57) size 206x12 clip at (337,57) size 206x12 scrollWidth 284
  RenderBlock {DIV} at (0,0) size 207x12 [color=#00000099]
    RenderText {#text} at (0,0) size 284x12
      text run at (0,0) width 284: "A quick brown fox jumped over the lazy dog."
layer at (17,80) size 47x12 backgroundClip at (17,80) size 46x12 clip at (17,80) size 46x12
  RenderBlock {DIV} at (0,0) size 47x12 [color=#00000099]
